// Jest Snapshot v1, https://goo.gl/fbAQLP

exports[`SEO component renders the tests correctly 1`] = `null`;
